[dogeland.io/index.html]
[backblue.gif]
[fade.gif]
[index.html]
[dogeland.io/files/doges.png]
[cdn.jsdelivr.net/npm/bootstrap@5.0.0-beta2/dist/css/bootstrap.min.css]
[pro.fontawesome.com/releases/v5.10.0/css/all.css]
[dogeland.io/files/style.css]
[dogeland.io/files/customf500.css]
[cdnjs.cloudflare.com/ajax/libs/intro.js/2.9.3/introjs.css]
[translate.google.com/translate_a/element.87876.delayed]
[www.google.com/recaptcha/api.js]
[dogeland.io/files/cld2.svg]
[dogeland.io/files/cld1.svg]
[dogeland.io/files/ind3.png]
[dogeland.io/files/ind7.png]
[dogeland.io/files/dfck2.png]
[dogeland.io/files/dgnk2.png]
[dogeland.io/files/is1.svg]
[dogeland.io/files/logos.png]
[dogeland.io/files/flag_en.svg]
[dogeland.io/files/flag_de.svg]
[dogeland.io/files/flag_fr.svg]
[dogeland.io/files/flag_cn.svg]
[dogeland.io/files/flag_in.svg]
[dogeland.io/files/flag_tr.svg]
[dogeland.io/files/flag_ru.svg]
[dogeland.io/files/flag_es.svg]
[dogeland.io/files/flag_uk.svg]
[dogeland.io/files/flag_sv.svg]
[dogeland.io/files/flag_pt.svg]
[dogeland.io/files/flag_it.svg]
[dogeland.io/files/flag_ja.svg]
[dogeland.io/files/mus1.svg]
[dogeland.io/files/ind1.svg]
[dogeland.io/files/kft5.svg]
[dogeland.io/files/ind4.png]
[dogeland.io/files/ind2.svg]
[dogeland.io/files/ktf1.svg]
[dogeland.io/files/ktf2.svg]
[dogeland.io/files/ktf3.svg]
[dogeland.io/files/ktf4.svg]
[dogeland.io/cdn-cgi/l/email-protection.html]
[dogeland.io/about/privacy.html]
[dogeland.io/about/tos.html]
[dogeland.io/cdn-cgi/scripts/5c5dd728/cloudflare-static/email-decode.min.js]
[dogeland.io/api/index.html]
[cdn.jsdelivr.net/npm/@popperjs/core@2.6.0/dist/umd/popper.min.js]
[dogeland.io/files/index.html]
[code.jquery.com/jquery-1.11.1.min.js]
[cdn.jsdelivr.net/npm/clipboard@2.0.6/dist/clipboard.min.js]
[cdnjs.cloudflare.com/ajax/libs/intro.js/2.9.3/intro.min.js]
[dogeland.io/index.html]
[cdn.jsdelivr.net/npm/bootstrap@5.0.0-beta2/dist/css/bootstrap.min.css]
[pro.fontawesome.com/releases/v5.10.0/css/all.css]
[cdn.jsdelivr.net/npm/bootstrap@5.0.0-beta2/dist/js/bootstrap.min.js]
[dogeland.io/files/style.css]
[dogeland.io/files/customf500.css]
[cdnjs.cloudflare.com/ajax/libs/intro.js/2.9.3/introjs.css]
[translate.google.com/translate_a/element7876.html]
[dogeland.io/files/cld2.svg]
[dogeland.io/files/cld1.svg]
[dogeland.io/files/is1.svg]
[dogeland.io/files/flag_en.svg]
[dogeland.io/files/flag_de.svg]
[dogeland.io/files/flag_fr.svg]
[dogeland.io/files/flag_cn.svg]
[dogeland.io/files/flag_in.svg]
[dogeland.io/files/flag_tr.svg]
[dogeland.io/files/flag_ru.svg]
[dogeland.io/files/flag_es.svg]
[dogeland.io/files/flag_uk.svg]
[dogeland.io/files/flag_sv.svg]
[dogeland.io/files/flag_pt.svg]
[dogeland.io/files/flag_it.svg]
[dogeland.io/files/flag_ja.svg]
[dogeland.io/files/mus1.svg]
[dogeland.io/files/ind1.svg]
[dogeland.io/files/kft5.svg]
[dogeland.io/files/ind2.svg]
[dogeland.io/files/ktf1.svg]
[dogeland.io/files/ktf2.svg]
[dogeland.io/files/ktf3.svg]
[dogeland.io/files/ktf4.svg]
[dogeland.io/cdn-cgi/l/email-protection.html]
[dogeland.io/files/stylee5bf.js]
[dogeland.io/files/customc23d.css]
[cdnjs.cloudflare.com/ajax/libs/bodymovin/5.7.4/lottie.min.js]
[dogeland.io/files/stylec23d.js]
[dogeland.io/about/privacy.html]
[cdn.firebase.com/js/client/2.0.4/firebase.js]
[dogeland.io/files/doge1.svg]
[dogeland.io/files/custome1e4.css]
[dogeland.io/about/tos.html]
[dogeland.io/api/index.html]
[dogeland.io/files/stylee1e4.js]
[dogeland.io/_autoindex/icons/blank.png]
[dogeland.io/_autoindex/icons/up.png]
[dogeland.io/files/index9a11.html]
[dogeland.io/files/index2a60.html]
[dogeland.io/_autoindex/icons/image.png]
[dogeland.io/files/index3dd6.html]
[dogeland.io/files/index0389.html]
[dogeland.io/files/aff_bg.png]
[dogeland.io/files/at1.svg]
[dogeland.io/files/bczhome.png]
[dogeland.io/files/bgwc.png]
[dogeland.io/files/bgz.png]
[dogeland.io/files/bgz2.png]
[dogeland.io/files/bgz3.png]
[dogeland.io/files/bgzhome.png]
[dogeland.io/files/character_1.svg]
[dogeland.io/files/character_2.svg]
[dogeland.io/files/check.svg]
[dogeland.io/files/cns1.svg]
[dogeland.io/files/cns10.svg]
[dogeland.io/files/cns11.svg]
[dogeland.io/files/cns2.svg]
[dogeland.io/files/cns3.svg]
[dogeland.io/files/cns4.svg]
[dogeland.io/files/cns5.svg]
[dogeland.io/files/cns6.svg]
[dogeland.io/files/cns7.svg]
[dogeland.io/files/cns8.svg]
[dogeland.io/files/cns9.svg]
[dogeland.io/files/ct1.svg]
[dogeland.io/_autoindex/icons/html.png]
[dogeland.io/files/custom.css]
[dogeland.io/files/ft1.svg]
[dogeland.io/files/gift.svg]
[dogeland.io/files/giftbox.png]
[dogeland.io/files/ind1.png]
[dogeland.io/files/ind5.png]
[dogeland.io/files/jquery.coin.js]
[dogeland.io/files/logo.png]
[dogeland.io/files/pt1.svg]
[dogeland.io/files/rt1.svg]
[dogeland.io/files/style.js]
[dogeland.io/files/index.html]
[dogeland.io/files/customc23d.css]
[dogeland.io/files/doge1.svg]
[dogeland.io/files/custome1e4.css]
[dogeland.io/files/index9a11.html]
[dogeland.io/files/index2a60.html]
[dogeland.io/files/index3dd6.html]
[dogeland.io/files/index0389.html]
[dogeland.io/files/indexd4cd.html]
[dogeland.io/files/at1.svg]
[dogeland.io/files/character_1.svg]
[dogeland.io/files/character_2.svg]
[dogeland.io/files/check.svg]
[dogeland.io/files/index38f9.html]
[dogeland.io/files/cns1.svg]
[dogeland.io/files/cns10.svg]
[dogeland.io/files/cns11.svg]
[dogeland.io/files/cns2.svg]
[dogeland.io/files/cns3.svg]
[dogeland.io/files/cns4.svg]
[dogeland.io/files/cns5.svg]
[dogeland.io/files/cns6.svg]
[dogeland.io/files/cns7.svg]
[dogeland.io/files/cns8.svg]
[dogeland.io/files/cns9.svg]
[dogeland.io/files/ct1.svg]
[dogeland.io/files/custom.css]
[dogeland.io/files/ft1.svg]
[dogeland.io/files/gift.svg]
[dogeland.io/files/pt1.svg]
[dogeland.io/files/rt1.svg]
[dogeland.io/files/indexd4cd.html]
[dogeland.io/files/index7dc1.html]
[dogeland.io/files/index350b.html]
[dogeland.io/files/index7dc1.html]
[dogeland.io/files/index38f9.html]
[dogeland.io/files/index350b.html]
