[wowdoge.io/index.html]
[backblue.gif]
[fade.gif]
[index.html]
[wowdoge.io/img/1613102771.jpg]
[wowdoge.io/img/favicon/favicon2.ico]
[wowdoge.io/libs/slick/slick.min.css]
[wowdoge.io/libs/slick/slick-theme.min.css]
[wowdoge.io/libs/animate/animate.css]
[wowdoge.io/libs/fancybox/jquery.fancybox.min.css]
[wowdoge.io/css/main34fe.css]
[wowdoge.io/lib/noty.css]
[wowdoge.io/img/space_elements/planet1.png]
[wowdoge.io/img/space_elements/star1.png]
[wowdoge.io/img/space_elements/flying_star.png]
[wowdoge.io/img/main/logo2.png]
[wowdoge.io/img/moon.png]
[wowdoge.io/img/chest.png]
[wowdoge.io/img/works/step1.png]
[wowdoge.io/img/works/adaptive/step1.png]
[wowdoge.io/img/works/step2-5-2.png]
[wowdoge.io/img/works/adaptive/step2.png]
[wowdoge.io/img/works/step3-6.png]
[wowdoge.io/img/works/adaptive/step3-1.png]
[wowdoge.io/img/works/step4-2.png]
[wowdoge.io/img/works/adaptive/step4-2.png]
[wowdoge.io/img/works/step5-1.png]
[wowdoge.io/img/works/adaptive/step5-12.png]
[wowdoge.io/img/works/step6-1.png]
[wowdoge.io/img/works/adaptive/step6-11.png]
[wowdoge.io/img/features/doggy_avatar@2x.png]
[wowdoge.io/img/features/timer_1_3-02@2x.png]
[wowdoge.io/img/features/explosive-05@2x.png]
[wowdoge.io/img/pricing/coins@2x.png]
[wowdoge.io/img/pricing/d_starter_shop@2x.png]
[wowdoge.io/img/pricing/dep_coins_copy@2x.png]
[wowdoge.io/img/pricing/dog_2_new_static_clean_2-03@2x.png]
[wowdoge.io/img/pricing/dog_3_new_2_static_clean_2-03@2x.png]
[wowdoge.io/img/pricing/dog_4_new_2_static_clean_2-03@2x.png]
[wowdoge.io/img/pricing/dog_5_new_2_2_static_2-03@2x.png]
[wowdoge.io/img/main/stat-chest2.png]
[wowdoge.io/img/main/stat-quest.png]
[wowdoge.io/terms.txt]
[code.jquery.com/jquery-3.3.1.min.js]
[wowdoge.io/js/scripts4e06.js]
[wowdoge.io/libs/animate/wow.min.js]
[wowdoge.io/libs/bodymovin/lottie.min.js]
[wowdoge.io/libs/fancybox/jquery.fancybox.min.js]
[wowdoge.io/libs/slick/slick.min.js]
[wowdoge.io/lib/noty.min.js]
[cdnjs.cloudflare.com/ajax/libs/socket.io/2.2.0/socket.io.js]
[www.google.com/recaptcha/apif977.js]
[wowdoge.io/index.html]
[wowdoge.io/libs/slick/slick.min.css]
[cdn.jsdelivr.net/npm/@fingerprintjs/fingerprintjs-pro@3/dist/fp.min.js]
[wowdoge.io/libs/slick/ajax-loader.gif]
[wowdoge.io/libs/slick/fonts/slick.eot]
[wowdoge.io/libs/slick/fonts/slickd41d.eot]
[wowdoge.io/libs/slick/fonts/slick.woff]
[wowdoge.io/libs/slick/fonts/slick.ttf]
[wowdoge.io/libs/slick/fonts/slick.svg]
[wowdoge.io/libs/slick/slick-theme.min.css]
[wowdoge.io/libs/animate/animate.css]
[wowdoge.io/libs/fancybox/jquery.fancybox.min.css]
[wowdoge.io/fonts/Nunito/Nunito-Bold/Nunito-Bold.eot]
[wowdoge.io/fonts/Nunito/Nunito-Bold/Nunito-Boldd41d.eot]
[wowdoge.io/fonts/Nunito/Nunito-Bold/Nunito-Bold.woff2]
[wowdoge.io/fonts/Nunito/Nunito-Bold/Nunito-Bold.ttf]
[wowdoge.io/fonts/Nunito/Nunito-SemiBold/Nunito-SemiBold.eot]
[wowdoge.io/fonts/Nunito/Nunito-SemiBold/Nunito-SemiBoldd41d.eot]
[wowdoge.io/fonts/Nunito/Nunito-SemiBold/Nunito-SemiBold.woff2]
[wowdoge.io/fonts/Nunito/Nunito-SemiBold/Nunito-SemiBold.ttf]
[wowdoge.io/fonts/Nunito/Nunito-Regular/Nunito-Regular.eot]
[wowdoge.io/fonts/Nunito/Nunito-Regular/Nunito-Regulard41d.eot]
[wowdoge.io/fonts/Nunito/Nunito-Regular/Nunito-Regular.woff2]
[wowdoge.io/fonts/Nunito/Nunito-Regular/Nunito-Regular.ttf]
[wowdoge.io/img/1.png]
[wowdoge.io/img/3.png]
[wowdoge.io/img/4.png]
[wowdoge.io/img/pricing/bg@2x.png]
[wowdoge.io/img/5.png]
[wowdoge.io/img/stats/coins1.svg]
[wowdoge.io/img/stats/coins2.svg]
[wowdoge.io/img/stats/coins3.svg]
[wowdoge.io/img/6.png]
[wowdoge.io/img/faq/bottom_top.png]
[wowdoge.io/img/2.png]
[wowdoge.io/img/works/bottom_top.png]
[wowdoge.io/img/works/bottom.png]
[wowdoge.io/img/works/top.png]
[wowdoge.io/img/popup/bg_sign.png]
[wowdoge.io/img/popup/bg_regist.png]
[wowdoge.io/img/popup/bg_adap.png]
[wowdoge.io/img/pricing/Star.svg]
[wowdoge.io/img/pricing/to_left.png]
[wowdoge.io/img/pricing/to_right.png]
[wowdoge.io/css/main34fe.css]
[wowdoge.io/lib/noty.css]
[wowdoge.io/libs/slick/fonts/slick.html]
[wowdoge.io/img/stats/coins1.svg]
[wowdoge.io/img/stats/coins2.svg]
[wowdoge.io/img/stats/coins3.svg]
[wowdoge.io/img/pricing/Star.svg]
